DaemonSet spec should match snapshot when using default values:
  1: |
    affinity:
      nodeAffinity:
        requiredDuringSchedulingIgnoredDuringExecution:
          nodeSelectorTerms:
            - matchExpressions:
                - key: kubernetes.io/os
                  operator: In
                  values:
                    - linux
                - key: kubernetes.io/arch
                  operator: In
                  values:
                    - amd64
                - key: eks.amazonaws.com/compute-type
                  operator: NotIn
                  values:
                    - fargate
    containers:
      - command:
          - /swi-otelcol
          - --config=/conf/relay.yaml
        env:
          - name: POD_NAME
            valueFrom:
              fieldRef:
                fieldPath: metadata.name
          - name: POD_NAMESPACE
            valueFrom:
              fieldRef:
                fieldPath: metadata.namespace
          - name: NODE_NAME
            valueFrom:
              fieldRef:
                fieldPath: spec.nodeName
          - name: SOLARWINDS_API_TOKEN
            valueFrom:
              secretKeyRef:
                key: SOLARWINDS_API_TOKEN
                name: solarwinds-api-token
                optional: true
        envFrom:
          - configMapRef:
              name: RELEASE-NAME-swo-k8s-collector-common-env
        image: solarwinds/swi-opentelemetry-collector:0.8.2
        imagePullPolicy: IfNotPresent
        livenessProbe:
          httpGet:
            path: /
            port: 13133
        name: swi-opentelemetry-collector
        ports:
          - containerPort: 8888
            name: http
            protocol: TCP
        readinessProbe:
          httpGet:
            path: /
            port: 13133
        resources:
          limits:
            memory: 700Mi
          requests:
            memory: 700Mi
        volumeMounts:
          - mountPath: /var/log/pods
            name: varlogpods
            readOnly: true
          - mountPath: /var/log/containers
            name: varlogcontainers
            readOnly: true
          - mountPath: /var/lib/docker/containers
            name: varlibdockercontainers
            readOnly: true
          - mountPath: /conf
            name: opentelemetry-collector-configmap
            readOnly: true
          - mountPath: /run/log/journal
            name: runlogjournal
            readOnly: true
          - mountPath: /var/log/journal
            name: varlogjournal
            readOnly: true
          - mountPath: /var/lib/swo/checkpoints
            name: logcheckpoints
    securityContext:
      fsGroup: 0
      runAsGroup: 0
      runAsUser: 0
    terminationGracePeriodSeconds: 30
    tolerations:
      - effect: NoSchedule
        operator: Exists
    volumes:
      - hostPath:
          path: /var/log/pods
        name: varlogpods
      - hostPath:
          path: /var/log/containers
        name: varlogcontainers
      - hostPath:
          path: /var/lib/docker/containers
        name: varlibdockercontainers
      - hostPath:
          path: /run/log/journal
        name: runlogjournal
      - hostPath:
          path: /var/log/journal
        name: varlogjournal
      - hostPath:
          path: /var/lib/swo/checkpoints/<CLUSTER_UID>
          type: DirectoryOrCreate
        name: logcheckpoints
      - configMap:
          items:
            - key: logs.config
              path: relay.yaml
          name: RELEASE-NAME-swo-k8s-collector-logs-config
        name: opentelemetry-collector-configmap
