Target Allocator deployment spec should match snapshot:
  1: |
    replicas: 1
    selector:
      matchLabels:
        app: swi-k8s-opentelemetry-c-swo-k8s-collector-target-allocator
    template:
      metadata:
        annotations:
          checksum/config: ee5780ac2e41b2e8943e1c51fccdd4b7dc2ff756d0499d01d56c8bf868a88b86
        labels:
          app: swi-k8s-opentelemetry-c-swo-k8s-collector-target-allocator
          app.kubernetes.io/instance: swi-k8s-opentelemetry-collector-swo-k8s-collector
          app.kubernetes.io/managed-by: swi-k8s-opentelemetry-collector
          app.kubernetes.io/part-of: swo-k8s-collector
          app.kubernetes.io/version: 1.0.0
          helm.sh/chart: swo-k8s-collector-1.0.0
      spec:
        affinity:
          nodeAffinity:
            requiredDuringSchedulingIgnoredDuringExecution:
              nodeSelectorTerms:
                - matchExpressions:
                    - key: kubernetes.io/arch
                      operator: In
                      values:
                        - amd64
                        - arm64
                    - key: kubernetes.io/os
                      operator: In
                      values:
                        - linux
        automountServiceAccountToken: false
        containers:
          - env:
              - name: OTELCOL_NAMESPACE
                value: test-namespace
            image: ghcr.io/open-telemetry/opentelemetry-operator/target-allocator:0.116.0
            imagePullPolicy: IfNotPresent
            livenessProbe:
              httpGet:
                path: /livez
                port: 8080
              initialDelaySeconds: 15
              periodSeconds: 20
            name: targetallocator
            ports:
              - containerPort: 8080
                name: http
                protocol: TCP
            readinessProbe:
              httpGet:
                path: /readyz
                port: 8080
              initialDelaySeconds: 5
              periodSeconds: 10
            resources:
              limits:
                memory: 500Mi
              requests:
                memory: 50Mi
            volumeMounts:
              - mountPath: /conf/
                name: config-volume
              - mountPath: /var/run/secrets/kubernetes.io/serviceaccount
                name: serviceaccount-token
                readOnly: true
        serviceAccountName: swi-k8s-opentelemetry-collector-swo-k8s-collector
        volumes:
          - configMap:
              name: swi-k8s-opentelemet-swo-k8s-collector-target-allocator-config
            name: config-volume
          - name: serviceaccount-token
            projected:
              defaultMode: 292
              sources:
                - serviceAccountToken:
                    path: token
                - configMap:
                    items:
                      - key: ca.crt
                        path: ca.crt
                    name: kube-root-ca.crt
                - downwardAPI:
                    items:
                      - fieldRef:
                          apiVersion: v1
                          fieldPath: metadata.namespace
                        path: namespace
